2026-09-22 15:21:15,819 - INFO - ===== Début du chargement commandes_2025.csv =====
2026-09-22 15:21:15,840 - INFO - Lecture réussie du fichier data/sources/commandes_2025.csv : 10422 enregistrements lus
2026-09-22 15:21:15,876 - WARNING - 60 ligne(s) invalide(s)
2026-09-22 15:21:15,876 - INFO - Volume lu : 10422
2026-09-22 15:21:15,876 - INFO - Volume accepté : 10362
2026-09-22 15:21:15,876 - INFO - Lignes rejetées pour valeurs obligatoires manquantes: 60
2026-09-22 15:21:15,876 - INFO - Doublons supprimées : 173
2026-09-22 15:21:15,876 - INFO - Nombre de lignes restantes : 10249
2026-09-22 15:21:15,913 - INFO - Chargement SQLite réussi : table clean_commandes (10189 lignes)
2026-09-22 15:21:15,913 - INFO - ===== Fin du chargement clean_commandes =====
2026-09-23 14:22:36,445 - INFO - ===== Début du chargement commandes_2025.csv =====
2026-09-23 14:22:36,483 - INFO - Lecture réussie du fichier data/sources/commandes_2025.csv : 10422 enregistrements lus
2026-09-23 14:22:36,524 - WARNING - 60 ligne(s) invalide(s)
2026-09-23 14:22:36,524 - INFO - Volume lu : 10422
2026-09-23 14:22:36,524 - INFO - Volume accepté : 10362
2026-09-23 14:22:36,524 - INFO - Lignes rejetées pour valeurs obligatoires manquantes: 60
2026-09-23 14:22:36,524 - INFO - Doublons supprimées : 173
2026-09-23 14:22:36,524 - INFO - Nombre de lignes restantes : 10249
2026-09-23 14:22:36,559 - INFO - Chargement SQLite réussi : table clean_commandes (10189 lignes)
2026-09-23 14:22:36,559 - INFO - ===== Fin du chargement clean_commandes =====
